// Jest Snapshot v1, https://goo.gl/fbAQLP

exports[`PokemonPage component debe de hacer match con el snapshot 1`] = `
<h1>Espere por favor...</h1><!-- <PokemonAnswers
		:correct="correctAnswer"
		:incorrect="incorrectAnswer" />

	<PokemonScore :score="score" /> -->
`;

exports[`PokemonPage component debe de hacer match con la snapshot cuando carga los pokemons 1`] = `
<div>
  <h1>Quien es este Pokemon</h1>
  <div class="pokemon-container"><img src="https://raw.githubusercontent.com/PokeAPI/sprites/master/sprites/pokemon/other/dream-world/2.svg" class="hidden-pokemon" alt="Pokemon"></div>
  <div class="options-container">
    <ul>
      <li>bulbasaur</li>
      <li>ivysaur</li>
      <li>venusaur</li>
      <li>charmander</li>
    </ul>
  </div><!--v-if-->
</div><!-- <PokemonAnswers
		:correct="correctAnswer"
		:incorrect="incorrectAnswer" />

	<PokemonScore :score="score" /> -->
`;
